// Jest Snapshot v1, https://goo.gl/fbAQLP

exports[`c-carousel carousel with 3 images 1`] = `
<lightningtest-carousel-test>
  #shadow-root(open)
    <c-carousel
      data-handles-touch="true"
    >
      #shadow-root(open)
        <div
          class="slds-carousel"
        >
          <div
            class="slds-carousel__stage"
          >
            <span
              class="slds-carousel__autoplay"
            >
              <button
                aria-pressed="false"
                class="slds-button slds-button_icon slds-button_icon-border-filled slds-button_icon-x-small"
                title="Stop auto-play"
              >
                <c-primitive-icon
                  class="slds-button__icon"
                >
                  #shadow-root(open)
                    <svg
                      aria-hidden="true"
                      class="slds-icon slds-icon-text-default slds-icon_x-small"
                      data-key="pause"
                      focusable="false"
                    >
                      <use
                        xlink:href="/assets/icons/utility-sprite/svg/symbols.svg#pause"
                      />
                    </svg>
                </c-primitive-icon>
                <span
                  class="slds-assistive-text"
                >
                  Stop auto-play
                </span>
              </button>
            </span>
            <div
              class="slds-carousel__panels"
            >
              <slot />
            </div>
            <ul
              class="slds-carousel__indicators"
              role="tablist"
            >
              <li
                class="slds-carousel__indicator"
                data-index="0"
                role="presentation"
              >
                <a
                  aria-controls="[shadow:guid]"
                  aria-selected="true"
                  class="slds-carousel__indicator-action slds-is-active"
                  href="javascript:void(0);"
                  id="[shadow:guid]"
                  role="tab"
                  tabindex="0"
                  title="This is a card Tab"
                >
                  <span
                    class="slds-assistive-text"
                  >
                    This is a card Tab
                  </span>
                </a>
              </li>
              <li
                class="slds-carousel__indicator"
                data-index="1"
                role="presentation"
              >
                <a
                  aria-controls="[shadow:guid]"
                  aria-selected="false"
                  class="slds-carousel__indicator-action"
                  href="javascript:void(0);"
                  id="[shadow:guid]"
                  role="tab"
                  tabindex="-1"
                  title="This is a card Tab"
                >
                  <span
                    class="slds-assistive-text"
                  >
                    This is a card Tab
                  </span>
                </a>
              </li>
              <li
                class="slds-carousel__indicator"
                data-index="2"
                role="presentation"
              >
                <a
                  aria-controls="[shadow:guid]"
                  aria-selected="false"
                  class="slds-carousel__indicator-action"
                  href="javascript:void(0);"
                  id="[shadow:guid]"
                  role="tab"
                  tabindex="-1"
                  title="This is a card Tab"
                >
                  <span
                    class="slds-assistive-text"
                  >
                    This is a card Tab
                  </span>
                </a>
              </li>
            </ul>
          </div>
        </div>
      <c-carousel-image
        class="slds-carousel__panel"
        data-handles-touch="true"
      >
        #shadow-root(open)
          <div
            aria-hidden="false"
            aria-labelledby="[shadow:guid]"
            id="[shadow:guid]"
            role="tabpanel"
          >
            <a
              class="slds-carousel__panel-action slds-text-link_reset"
              href="http://www.salesforce.com"
              tabindex="0"
            >
              <div
                class="slds-carousel__image"
              >
                <img
                  alt="https://www.salesforce.com"
                  src="https://latest-212.lightningdesignsystem.com/assets/images/carousel/carousel-01.jpg"
                />
              </div>
              <div
                class="slds-carousel__content"
              >
                <h2
                  class="slds-carousel__content-title"
                >
                  First card
                </h2>
                <p>
                  This is a card
                </p>
              </div>
            </a>
          </div>
      </c-carousel-image>
      <c-carousel-image
        class="slds-carousel__panel"
        data-handles-touch="true"
      >
        #shadow-root(open)
          <div
            aria-hidden="true"
            aria-labelledby="[shadow:guid]"
            id="[shadow:guid]"
            role="tabpanel"
          >
            <a
              class="slds-carousel__panel-action slds-text-link_reset"
              href="http://www.salesforce.com"
              tabindex="-1"
            >
              <div
                class="slds-carousel__image"
              >
                <img
                  alt="https://www.salesforce.com"
                  src="https://latest-212.lightningdesignsystem.com/assets/images/carousel/carousel-02.jpg"
                />
              </div>
              <div
                class="slds-carousel__content"
              >
                <h2
                  class="slds-carousel__content-title"
                >
                  Second card
                </h2>
                <p>
                  This is a card
                </p>
              </div>
            </a>
          </div>
      </c-carousel-image>
      <c-carousel-image
        class="slds-carousel__panel"
        data-handles-touch="true"
      >
        #shadow-root(open)
          <div
            aria-hidden="true"
            aria-labelledby="[shadow:guid]"
            id="[shadow:guid]"
            role="tabpanel"
          >
            <a
              class="slds-carousel__panel-action slds-text-link_reset"
              href="http://www.salesforce.com"
              tabindex="-1"
            >
              <div
                class="slds-carousel__image"
              >
                <img
                  alt="https://www.salesforce.com"
                  src="https://latest-212.lightningdesignsystem.com/assets/images/carousel/carousel-03.jpg"
                />
              </div>
              <div
                class="slds-carousel__content"
              >
                <h2
                  class="slds-carousel__content-title"
                >
                  Third card
                </h2>
                <p>
                  This is a card
                </p>
              </div>
            </a>
          </div>
      </c-carousel-image>
    </c-carousel>
</lightningtest-carousel-test>
`;
